Archive member included because of file (symbol)

/home/kevin/gcc-arm/bin/../lib/gcc/arm-none-eabi/4.8.4/../../../../arm-none-eabi/lib/armv7-m/libc.a(lib_a-exit.o)
                              /home/kevin/gcc-arm/bin/../lib/gcc/arm-none-eabi/4.8.4/../../../../arm-none-eabi/lib/armv7-m/crt0.o (exit)
/home/kevin/gcc-arm/bin/../lib/gcc/arm-none-eabi/4.8.4/../../../../arm-none-eabi/lib/armv7-m/libc.a(lib_a-impure.o)
                              /home/kevin/gcc-arm/bin/../lib/gcc/arm-none-eabi/4.8.4/../../../../arm-none-eabi/lib/armv7-m/libc.a(lib_a-exit.o) (_global_impure_ptr)
/home/kevin/gcc-arm/bin/../lib/gcc/arm-none-eabi/4.8.4/../../../../arm-none-eabi/lib/armv7-m/libc.a(lib_a-init.o)
                              /home/kevin/gcc-arm/bin/../lib/gcc/arm-none-eabi/4.8.4/../../../../arm-none-eabi/lib/armv7-m/crt0.o (__libc_init_array)
/home/kevin/gcc-arm/bin/../lib/gcc/arm-none-eabi/4.8.4/../../../../arm-none-eabi/lib/armv7-m/libc.a(lib_a-memset.o)
                              /home/kevin/gcc-arm/bin/../lib/gcc/arm-none-eabi/4.8.4/../../../../arm-none-eabi/lib/armv7-m/crt0.o (memset)
/home/kevin/gcc-arm/bin/../lib/gcc/arm-none-eabi/4.8.4/../../../../arm-none-eabi/lib/armv7-m/libc.a(lib_a-__call_atexit.o)
                              /home/kevin/gcc-arm/bin/../lib/gcc/arm-none-eabi/4.8.4/../../../../arm-none-eabi/lib/armv7-m/libc.a(lib_a-exit.o) (__call_exitprocs)
/home/kevin/gcc-arm/bin/../lib/gcc/arm-none-eabi/4.8.4/../../../../arm-none-eabi/lib/armv7-m/libc.a(lib_a-atexit.o)
                              /home/kevin/gcc-arm/bin/../lib/gcc/arm-none-eabi/4.8.4/../../../../arm-none-eabi/lib/armv7-m/libc.a(lib_a-__call_atexit.o) (atexit)
/home/kevin/gcc-arm/bin/../lib/gcc/arm-none-eabi/4.8.4/../../../../arm-none-eabi/lib/armv7-m/libc.a(lib_a-fini.o)
                              /home/kevin/gcc-arm/bin/../lib/gcc/arm-none-eabi/4.8.4/../../../../arm-none-eabi/lib/armv7-m/libc.a(lib_a-__call_atexit.o) (__libc_fini_array)
/home/kevin/gcc-arm/bin/../lib/gcc/arm-none-eabi/4.8.4/../../../../arm-none-eabi/lib/armv7-m/libc.a(lib_a-__atexit.o)
                              /home/kevin/gcc-arm/bin/../lib/gcc/arm-none-eabi/4.8.4/../../../../arm-none-eabi/lib/armv7-m/libc.a(lib_a-atexit.o) (__register_exitproc)
/home/kevin/gcc-arm/bin/../lib/gcc/arm-none-eabi/4.8.4/../../../../arm-none-eabi/lib/armv7-m/libnosys.a(_exit.o)
                              /home/kevin/gcc-arm/bin/../lib/gcc/arm-none-eabi/4.8.4/../../../../arm-none-eabi/lib/armv7-m/libc.a(lib_a-exit.o) (_exit)
StdPeriph_lib/libstm32f1.a(stm32f10x_gpio.o)
                              /tmp/cc09wuiq.o (GPIO_Init)
StdPeriph_lib/libstm32f1.a(stm32f10x_rcc.o)
                              /tmp/cc09wuiq.o (RCC_APB2PeriphClockCmd)
/home/kevin/gcc-arm/bin/../lib/gcc/arm-none-eabi/4.8.4/armv7-m/libgcc.a(_udivsi3.o)
                              StdPeriph_lib/libstm32f1.a(stm32f10x_rcc.o) (__aeabi_uidiv)
/home/kevin/gcc-arm/bin/../lib/gcc/arm-none-eabi/4.8.4/armv7-m/libgcc.a(_dvmd_tls.o)
                              /home/kevin/gcc-arm/bin/../lib/gcc/arm-none-eabi/4.8.4/armv7-m/libgcc.a(_udivsi3.o) (__aeabi_idiv0)

Allocating common symbols
Common symbol       size              file

GPIO_InitStructure  0x4               /tmp/cc09wuiq.o

Memory Configuration

Name             Origin             Length             Attributes
FLASH            0x08000000         0x00020000         xr
RAM              0x20000000         0x00002000         xrw
MEMORY_B1        0x60000000         0x00000000         xr
*default*        0x00000000         0xffffffff

Linker script and memory map

LOAD /home/kevin/gcc-arm/bin/../lib/gcc/arm-none-eabi/4.8.4/armv7-m/crti.o
LOAD /home/kevin/gcc-arm/bin/../lib/gcc/arm-none-eabi/4.8.4/armv7-m/crtbegin.o
LOAD /home/kevin/gcc-arm/bin/../lib/gcc/arm-none-eabi/4.8.4/../../../../arm-none-eabi/lib/armv7-m/crt0.o
LOAD /home/kevin/gcc-arm/bin/../lib/gcc/arm-none-eabi/4.8.4/../../../../arm-none-eabi/lib/armv7-m/libm.a
LOAD /home/kevin/gcc-arm/bin/../lib/gcc/arm-none-eabi/4.8.4/../../../../arm-none-eabi/lib/armv7-m/libc.a
LOAD /home/kevin/gcc-arm/bin/../lib/gcc/arm-none-eabi/4.8.4/../../../../arm-none-eabi/lib/armv7-m/libnosys.a
                0x20002000                _estack = 0x20002000
                0x00000000                _Min_Heap_Size = 0x0
                0x00000800                _Min_Stack_Size = 0x800

.isr_vector     0x08000000        0x0
                0x08000000                . = ALIGN (0x4)
 *(.isr_vector)
                0x08000000                . = ALIGN (0x4)

.text           0x08000000      0xc24
                0x08000000                . = ALIGN (0x4)
 *(.text)
 .text          0x08000000        0x0 /home/kevin/gcc-arm/bin/../lib/gcc/arm-none-eabi/4.8.4/armv7-m/crti.o
 .text          0x08000000       0x54 /home/kevin/gcc-arm/bin/../lib/gcc/arm-none-eabi/4.8.4/armv7-m/crtbegin.o
 .text          0x08000054       0x74 /home/kevin/gcc-arm/bin/../lib/gcc/arm-none-eabi/4.8.4/../../../../arm-none-eabi/lib/armv7-m/crt0.o
                0x08000054                _mainCRTStartup
                0x08000054                _start
 .text          0x080000c8        0x0 /home/kevin/gcc-arm/bin/../lib/gcc/arm-none-eabi/4.8.4/../../../../arm-none-eabi/lib/armv7-m/libc.a(lib_a-exit.o)
 .text          0x080000c8        0x0 /home/kevin/gcc-arm/bin/../lib/gcc/arm-none-eabi/4.8.4/../../../../arm-none-eabi/lib/armv7-m/libc.a(lib_a-impure.o)
 .text          0x080000c8        0x0 /home/kevin/gcc-arm/bin/../lib/gcc/arm-none-eabi/4.8.4/../../../../arm-none-eabi/lib/armv7-m/libc.a(lib_a-init.o)
 .text          0x080000c8        0x0 /home/kevin/gcc-arm/bin/../lib/gcc/arm-none-eabi/4.8.4/../../../../arm-none-eabi/lib/armv7-m/libc.a(lib_a-memset.o)
 .text          0x080000c8        0x0 /home/kevin/gcc-arm/bin/../lib/gcc/arm-none-eabi/4.8.4/../../../../arm-none-eabi/lib/armv7-m/libc.a(lib_a-__call_atexit.o)
 .text          0x080000c8        0x0 /home/kevin/gcc-arm/bin/../lib/gcc/arm-none-eabi/4.8.4/../../../../arm-none-eabi/lib/armv7-m/libc.a(lib_a-atexit.o)
 .text          0x080000c8        0x0 /home/kevin/gcc-arm/bin/../lib/gcc/arm-none-eabi/4.8.4/../../../../arm-none-eabi/lib/armv7-m/libc.a(lib_a-fini.o)
 .text          0x080000c8        0x0 /home/kevin/gcc-arm/bin/../lib/gcc/arm-none-eabi/4.8.4/../../../../arm-none-eabi/lib/armv7-m/libc.a(lib_a-__atexit.o)
 .text          0x080000c8        0x0 /home/kevin/gcc-arm/bin/../lib/gcc/arm-none-eabi/4.8.4/../../../../arm-none-eabi/lib/armv7-m/libnosys.a(_exit.o)
 .text          0x080000c8        0x0 /tmp/cc09wuiq.o
 .text          0x080000c8      0x134 /tmp/ccVwGb7F.o
                0x080000c8                SystemInit
                0x0800019c                SystemCoreClockUpdate
 .text          0x080001fc      0x2f4 StdPeriph_lib/libstm32f1.a(stm32f10x_gpio.o)
                0x080001fc                GPIO_DeInit
                0x080002c8                GPIO_AFIODeInit
                0x080002dc                GPIO_Init
                0x080003bc                GPIO_StructInit
                0x080003cc                GPIO_ReadInputDataBit
                0x080003d8                GPIO_ReadInputData
                0x080003e0                GPIO_ReadOutputDataBit
                0x080003ec                GPIO_ReadOutputData
                0x080003f4                GPIO_SetBits
                0x080003f8                GPIO_ResetBits
                0x080003fc                GPIO_WriteBit
                0x08000408                GPIO_Write
                0x0800040c                GPIO_PinLockConfig
                0x08000420                GPIO_EventOutputConfig
                0x08000440                GPIO_EventOutputCmd
                0x0800044c                GPIO_PinRemapConfig
                0x080004b8                GPIO_EXTILineConfig
                0x080004e4                GPIO_ETH_MediaInterfaceConfig
 .text          0x080004f0      0x3a8 StdPeriph_lib/libstm32f1.a(stm32f10x_rcc.o)
                0x080004f0                RCC_DeInit
                0x0800053c                RCC_HSEConfig
                0x08000580                RCC_WaitForHSEStartUp
                0x080005bc                RCC_AdjustHSICalibrationValue
                0x080005d0                RCC_HSICmd
                0x080005dc                RCC_PLLConfig
                0x080005f8                RCC_PLLCmd
                0x08000604                RCC_PREDIV1Config
                0x08000620                RCC_SYSCLKConfig
                0x08000634                RCC_GetSYSCLKSource
                0x08000644                RCC_HCLKConfig
                0x08000658                RCC_PCLK1Config
                0x08000670                RCC_PCLK2Config
                0x08000688                RCC_ITConfig
                0x080006a0                RCC_USBCLKConfig
                0x080006ac                RCC_ADCCLKConfig
                0x080006c4                RCC_LSEConfig
                0x080006e4                RCC_LSICmd
                0x080006f0                RCC_RTCCLKConfig
                0x08000700                RCC_RTCCLKCmd
                0x0800070c                RCC_GetClocksFreq
                0x0800079c                RCC_AHBPeriphClockCmd
                0x080007b4                RCC_APB2PeriphClockCmd
                0x080007cc                RCC_APB1PeriphClockCmd
                0x080007e4                RCC_APB2PeriphResetCmd
                0x080007fc                RCC_APB1PeriphResetCmd
                0x08000814                RCC_BackupResetCmd
                0x08000820                RCC_ClockSecuritySystemCmd
                0x0800082c                RCC_MCOConfig
                0x08000838                RCC_GetFlagStatus
                0x08000864                RCC_ClearFlag
                0x08000878                RCC_GetITStatus
                0x0800088c                RCC_ClearITPendingBit
 .text          0x08000898       0x24 /home/kevin/gcc-arm/bin/../lib/gcc/arm-none-eabi/4.8.4/armv7-m/libgcc.a(_udivsi3.o)
                0x08000898                __udivsi3
                0x08000898                __aeabi_uidiv
                0x080008ac                __aeabi_uidivmod
 .text          0x080008bc        0x4 /home/kevin/gcc-arm/bin/../lib/gcc/arm-none-eabi/4.8.4/armv7-m/libgcc.a(_dvmd_tls.o)
                0x080008bc                __aeabi_ldiv0
                0x080008bc                __aeabi_idiv0
 .text          0x080008c0        0x0 /home/kevin/gcc-arm/bin/../lib/gcc/arm-none-eabi/4.8.4/armv7-m/crtend.o
 .text          0x080008c0        0x0 /home/kevin/gcc-arm/bin/../lib/gcc/arm-none-eabi/4.8.4/armv7-m/crtn.o
 *(.text*)
 .text.exit     0x080008c0       0x20 /home/kevin/gcc-arm/bin/../lib/gcc/arm-none-eabi/4.8.4/../../../../arm-none-eabi/lib/armv7-m/libc.a(lib_a-exit.o)
                0x080008c0                exit
 .text.__libc_init_array
                0x080008e0       0x50 /home/kevin/gcc-arm/bin/../lib/gcc/arm-none-eabi/4.8.4/../../../../arm-none-eabi/lib/armv7-m/libc.a(lib_a-init.o)
                0x080008e0                __libc_init_array
 .text.memset   0x08000930       0x94 /home/kevin/gcc-arm/bin/../lib/gcc/arm-none-eabi/4.8.4/../../../../arm-none-eabi/lib/armv7-m/libc.a(lib_a-memset.o)
                0x08000930                memset
 .text.startup.register_fini
                0x080009c4       0x14 /home/kevin/gcc-arm/bin/../lib/gcc/arm-none-eabi/4.8.4/../../../../arm-none-eabi/lib/armv7-m/libc.a(lib_a-__call_atexit.o)
 .text.__call_exitprocs
                0x080009d8       0xf0 /home/kevin/gcc-arm/bin/../lib/gcc/arm-none-eabi/4.8.4/../../../../arm-none-eabi/lib/armv7-m/libc.a(lib_a-__call_atexit.o)
                0x080009d8                __call_exitprocs
 .text.atexit   0x08000ac8        0xc /home/kevin/gcc-arm/bin/../lib/gcc/arm-none-eabi/4.8.4/../../../../arm-none-eabi/lib/armv7-m/libc.a(lib_a-atexit.o)
                0x08000ac8                atexit
 .text.__libc_fini_array
                0x08000ad4       0x30 /home/kevin/gcc-arm/bin/../lib/gcc/arm-none-eabi/4.8.4/../../../../arm-none-eabi/lib/armv7-m/libc.a(lib_a-fini.o)
                0x08000ad4                __libc_fini_array
 .text.__register_exitproc
                0x08000b04       0xa8 /home/kevin/gcc-arm/bin/../lib/gcc/arm-none-eabi/4.8.4/../../../../arm-none-eabi/lib/armv7-m/libc.a(lib_a-__atexit.o)
                0x08000b04                __register_exitproc
 .text._exit    0x08000bac        0x4 /home/kevin/gcc-arm/bin/../lib/gcc/arm-none-eabi/4.8.4/../../../../arm-none-eabi/lib/armv7-m/libnosys.a(_exit.o)
                0x08000bac                _exit
 .text.startup  0x08000bb0       0x54 /tmp/cc09wuiq.o
                0x08000bb0                main
 *(.rodata)
 *(.rodata*)
 .rodata.str1.4
                0x08000c04        0x4 /home/kevin/gcc-arm/bin/../lib/gcc/arm-none-eabi/4.8.4/../../../../arm-none-eabi/lib/armv7-m/libc.a(lib_a-impure.o)
 .rodata._global_impure_ptr
                0x08000c08        0x4 /home/kevin/gcc-arm/bin/../lib/gcc/arm-none-eabi/4.8.4/../../../../arm-none-eabi/lib/armv7-m/libc.a(lib_a-impure.o)
                0x08000c08                _global_impure_ptr
 *(.glue_7)
 .glue_7        0x00000000        0x0 linker stubs
 *(.glue_7t)
 .glue_7t       0x00000000        0x0 linker stubs
 *(.init)
 .init          0x08000c0c        0x4 /home/kevin/gcc-arm/bin/../lib/gcc/arm-none-eabi/4.8.4/armv7-m/crti.o
                0x08000c0c                _init
 .init          0x08000c10        0x8 /home/kevin/gcc-arm/bin/../lib/gcc/arm-none-eabi/4.8.4/armv7-m/crtn.o
 *(.fini)
 .fini          0x08000c18        0x4 /home/kevin/gcc-arm/bin/../lib/gcc/arm-none-eabi/4.8.4/armv7-m/crti.o
                0x08000c18                _fini
 .fini          0x08000c1c        0x8 /home/kevin/gcc-arm/bin/../lib/gcc/arm-none-eabi/4.8.4/armv7-m/crtn.o
                0x08000c24                . = ALIGN (0x4)
                0x08000c24                _etext = .

.vfp11_veneer   0x08000c24        0x0
 .vfp11_veneer  0x00000000        0x0 linker stubs

.v4_bx          0x08000c24        0x0
 .v4_bx         0x00000000        0x0 linker stubs

.iplt           0x08000c24        0x0
 .iplt          0x00000000        0x0 /home/kevin/gcc-arm/bin/../lib/gcc/arm-none-eabi/4.8.4/armv7-m/crtbegin.o

.ARM.extab      0x08000c24        0x0
 *(.ARM.extab* .gnu.linkonce.armextab.*)
 .ARM.extab     0x08000c24        0x0 /home/kevin/gcc-arm/bin/../lib/gcc/arm-none-eabi/4.8.4/../../../../arm-none-eabi/lib/armv7-m/crt0.o

.eh_frame       0x08000c24        0x4
 .eh_frame      0x08000c24        0x0 /home/kevin/gcc-arm/bin/../lib/gcc/arm-none-eabi/4.8.4/armv7-m/crtbegin.o
 .eh_frame      0x08000c24        0x4 /home/kevin/gcc-arm/bin/../lib/gcc/arm-none-eabi/4.8.4/armv7-m/crtend.o

.ARM            0x08000c28        0x8
                0x08000c28                __exidx_start = .
 *(.ARM.exidx*)
 .ARM.exidx     0x08000c28        0x8 /home/kevin/gcc-arm/bin/../lib/gcc/arm-none-eabi/4.8.4/../../../../arm-none-eabi/lib/armv7-m/crt0.o
                0x08000c30                __exidx_end = .

.rel.dyn        0x08000c30        0x0
 .rel.iplt      0x00000000        0x0 /home/kevin/gcc-arm/bin/../lib/gcc/arm-none-eabi/4.8.4/armv7-m/crtbegin.o

.ARM.attributes
                0x00000000       0x29
 *(.ARM.attributes)
 .ARM.attributes
                0x00000000       0x1d /home/kevin/gcc-arm/bin/../lib/gcc/arm-none-eabi/4.8.4/armv7-m/crti.o
 .ARM.attributes
                0x0000001d       0x2d /home/kevin/gcc-arm/bin/../lib/gcc/arm-none-eabi/4.8.4/armv7-m/crtbegin.o
 .ARM.attributes
                0x0000004a       0x1b /home/kevin/gcc-arm/bin/../lib/gcc/arm-none-eabi/4.8.4/../../../../arm-none-eabi/lib/armv7-m/crt0.o
 .ARM.attributes
                0x00000065       0x2d /home/kevin/gcc-arm/bin/../lib/gcc/arm-none-eabi/4.8.4/../../../../arm-none-eabi/lib/armv7-m/libc.a(lib_a-exit.o)
 .ARM.attributes
                0x00000092       0x2d /home/kevin/gcc-arm/bin/../lib/gcc/arm-none-eabi/4.8.4/../../../../arm-none-eabi/lib/armv7-m/libc.a(lib_a-impure.o)
 .ARM.attributes
                0x000000bf       0x2d /home/kevin/gcc-arm/bin/../lib/gcc/arm-none-eabi/4.8.4/../../../../arm-none-eabi/lib/armv7-m/libc.a(lib_a-init.o)
 .ARM.attributes
                0x000000ec       0x2d /home/kevin/gcc-arm/bin/../lib/gcc/arm-none-eabi/4.8.4/../../../../arm-none-eabi/lib/armv7-m/libc.a(lib_a-memset.o)
 .ARM.attributes
                0x00000119       0x2d /home/kevin/gcc-arm/bin/../lib/gcc/arm-none-eabi/4.8.4/../../../../arm-none-eabi/lib/armv7-m/libc.a(lib_a-__call_atexit.o)
 .ARM.attributes
                0x00000146       0x2d /home/kevin/gcc-arm/bin/../lib/gcc/arm-none-eabi/4.8.4/../../../../arm-none-eabi/lib/armv7-m/libc.a(lib_a-atexit.o)
 .ARM.attributes
                0x00000173       0x2d /home/kevin/gcc-arm/bin/../lib/gcc/arm-none-eabi/4.8.4/../../../../arm-none-eabi/lib/armv7-m/libc.a(lib_a-fini.o)
 .ARM.attributes
                0x000001a0       0x2d /home/kevin/gcc-arm/bin/../lib/gcc/arm-none-eabi/4.8.4/../../../../arm-none-eabi/lib/armv7-m/libc.a(lib_a-__atexit.o)
 .ARM.attributes
                0x000001cd       0x2d /home/kevin/gcc-arm/bin/../lib/gcc/arm-none-eabi/4.8.4/../../../../arm-none-eabi/lib/armv7-m/libnosys.a(_exit.o)
 .ARM.attributes
                0x000001fa       0x33 /tmp/cc09wuiq.o
 .ARM.attributes
                0x0000022d       0x33 /tmp/ccVwGb7F.o
 .ARM.attributes
                0x00000260       0x31 StdPeriph_lib/libstm32f1.a(stm32f10x_gpio.o)
 .ARM.attributes
                0x00000291       0x31 StdPeriph_lib/libstm32f1.a(stm32f10x_rcc.o)
 .ARM.attributes
                0x000002c2       0x1d /home/kevin/gcc-arm/bin/../lib/gcc/arm-none-eabi/4.8.4/armv7-m/libgcc.a(_udivsi3.o)
 .ARM.attributes
                0x000002df       0x1d /home/kevin/gcc-arm/bin/../lib/gcc/arm-none-eabi/4.8.4/armv7-m/libgcc.a(_dvmd_tls.o)
 .ARM.attributes
                0x000002fc       0x2d /home/kevin/gcc-arm/bin/../lib/gcc/arm-none-eabi/4.8.4/armv7-m/crtend.o
 .ARM.attributes
                0x00000329       0x1d /home/kevin/gcc-arm/bin/../lib/gcc/arm-none-eabi/4.8.4/armv7-m/crtn.o

.preinit_array  0x08000c30        0x0
                0x08000c30                PROVIDE (__preinit_array_start, .)
 *(.preinit_array*)
                0x08000c30                PROVIDE (__preinit_array_end, .)

.init_array     0x08000c30        0x8
                0x08000c30                PROVIDE (__init_array_start, .)
 *(SORT(.init_array.*))
 .init_array.00000
                0x08000c30        0x4 /home/kevin/gcc-arm/bin/../lib/gcc/arm-none-eabi/4.8.4/../../../../arm-none-eabi/lib/armv7-m/libc.a(lib_a-__call_atexit.o)
 *(.init_array*)
 .init_array    0x08000c34        0x4 /home/kevin/gcc-arm/bin/../lib/gcc/arm-none-eabi/4.8.4/armv7-m/crtbegin.o
                0x08000c38                PROVIDE (__init_array_end, .)

.fini_array     0x08000c38        0x4
                0x08000c38                PROVIDE (__fini_array_start, .)
 *(.fini_array*)
 .fini_array    0x08000c38        0x4 /home/kevin/gcc-arm/bin/../lib/gcc/arm-none-eabi/4.8.4/armv7-m/crtbegin.o
 *(SORT(.fini_array.*))
                0x08000c3c                PROVIDE (__fini_array_end, .)
                0x08000c3c                _sidata = .

.data           0x20000000      0x45c load address 0x08000c3c
                0x20000000                . = ALIGN (0x4)
                0x20000000                _sdata = .
 *(.data)
 .data          0x20000000        0x0 /home/kevin/gcc-arm/bin/../lib/gcc/arm-none-eabi/4.8.4/armv7-m/crti.o
 .data          0x20000000        0x4 /home/kevin/gcc-arm/bin/../lib/gcc/arm-none-eabi/4.8.4/armv7-m/crtbegin.o
                0x20000000                __dso_handle
 .data          0x20000004        0x0 /home/kevin/gcc-arm/bin/../lib/gcc/arm-none-eabi/4.8.4/../../../../arm-none-eabi/lib/armv7-m/crt0.o
 .data          0x20000004        0x0 /home/kevin/gcc-arm/bin/../lib/gcc/arm-none-eabi/4.8.4/../../../../arm-none-eabi/lib/armv7-m/libc.a(lib_a-exit.o)
 .data          0x20000004        0x0 /home/kevin/gcc-arm/bin/../lib/gcc/arm-none-eabi/4.8.4/../../../../arm-none-eabi/lib/armv7-m/libc.a(lib_a-impure.o)
 .data          0x20000004        0x0 /home/kevin/gcc-arm/bin/../lib/gcc/arm-none-eabi/4.8.4/../../../../arm-none-eabi/lib/armv7-m/libc.a(lib_a-init.o)
 .data          0x20000004        0x0 /home/kevin/gcc-arm/bin/../lib/gcc/arm-none-eabi/4.8.4/../../../../arm-none-eabi/lib/armv7-m/libc.a(lib_a-memset.o)
 .data          0x20000004        0x0 /home/kevin/gcc-arm/bin/../lib/gcc/arm-none-eabi/4.8.4/../../../../arm-none-eabi/lib/armv7-m/libc.a(lib_a-__call_atexit.o)
 .data          0x20000004        0x0 /home/kevin/gcc-arm/bin/../lib/gcc/arm-none-eabi/4.8.4/../../../../arm-none-eabi/lib/armv7-m/libc.a(lib_a-atexit.o)
 .data          0x20000004        0x0 /home/kevin/gcc-arm/bin/../lib/gcc/arm-none-eabi/4.8.4/../../../../arm-none-eabi/lib/armv7-m/libc.a(lib_a-fini.o)
 .data          0x20000004        0x0 /home/kevin/gcc-arm/bin/../lib/gcc/arm-none-eabi/4.8.4/../../../../arm-none-eabi/lib/armv7-m/libc.a(lib_a-__atexit.o)
 .data          0x20000004        0x0 /home/kevin/gcc-arm/bin/../lib/gcc/arm-none-eabi/4.8.4/../../../../arm-none-eabi/lib/armv7-m/libnosys.a(_exit.o)
 .data          0x20000004        0x0 /tmp/cc09wuiq.o
 .data          0x20000004       0x14 /tmp/ccVwGb7F.o
                0x20000004                SystemCoreClock
                0x20000008                AHBPrescTable
 .data          0x20000018        0x0 StdPeriph_lib/libstm32f1.a(stm32f10x_gpio.o)
 .data          0x20000018       0x14 StdPeriph_lib/libstm32f1.a(stm32f10x_rcc.o)
 .data          0x2000002c        0x0 /home/kevin/gcc-arm/bin/../lib/gcc/arm-none-eabi/4.8.4/armv7-m/libgcc.a(_udivsi3.o)
 .data          0x2000002c        0x0 /home/kevin/gcc-arm/bin/../lib/gcc/arm-none-eabi/4.8.4/armv7-m/libgcc.a(_dvmd_tls.o)
 .data          0x2000002c        0x0 /home/kevin/gcc-arm/bin/../lib/gcc/arm-none-eabi/4.8.4/armv7-m/crtend.o
 .data          0x2000002c        0x0 /home/kevin/gcc-arm/bin/../lib/gcc/arm-none-eabi/4.8.4/armv7-m/crtn.o
 *(.data*)
 *fill*         0x2000002c        0x4 
 .data.impure_data
                0x20000030      0x428 /home/kevin/gcc-arm/bin/../lib/gcc/arm-none-eabi/4.8.4/../../../../arm-none-eabi/lib/armv7-m/libc.a(lib_a-impure.o)
 .data._impure_ptr
                0x20000458        0x4 /home/kevin/gcc-arm/bin/../lib/gcc/arm-none-eabi/4.8.4/../../../../arm-none-eabi/lib/armv7-m/libc.a(lib_a-impure.o)
                0x20000458                _impure_ptr
                0x2000045c                . = ALIGN (0x4)
                0x2000045c                _edata = .

.jcr            0x2000045c        0x4 load address 0x08001098
 .jcr           0x2000045c        0x0 /home/kevin/gcc-arm/bin/../lib/gcc/arm-none-eabi/4.8.4/armv7-m/crtbegin.o
 .jcr           0x2000045c        0x4 /home/kevin/gcc-arm/bin/../lib/gcc/arm-none-eabi/4.8.4/armv7-m/crtend.o

.igot.plt       0x20000460        0x0 load address 0x0800109c
 .igot.plt      0x00000000        0x0 /home/kevin/gcc-arm/bin/../lib/gcc/arm-none-eabi/4.8.4/armv7-m/crtbegin.o
                0x20000460                . = ALIGN (0x4)

.bss            0x20000460       0x20 load address 0x0800109c
                0x20000460                _sbss = .
                0x20000460                __bss_start__ = _sbss
 *(.bss)
 .bss           0x20000460        0x0 /home/kevin/gcc-arm/bin/../lib/gcc/arm-none-eabi/4.8.4/armv7-m/crti.o
 .bss           0x20000460       0x1c /home/kevin/gcc-arm/bin/../lib/gcc/arm-none-eabi/4.8.4/armv7-m/crtbegin.o
 .bss           0x2000047c        0x0 /home/kevin/gcc-arm/bin/../lib/gcc/arm-none-eabi/4.8.4/../../../../arm-none-eabi/lib/armv7-m/crt0.o
 .bss           0x2000047c        0x0 /home/kevin/gcc-arm/bin/../lib/gcc/arm-none-eabi/4.8.4/../../../../arm-none-eabi/lib/armv7-m/libc.a(lib_a-exit.o)
 .bss           0x2000047c        0x0 /home/kevin/gcc-arm/bin/../lib/gcc/arm-none-eabi/4.8.4/../../../../arm-none-eabi/lib/armv7-m/libc.a(lib_a-impure.o)
 .bss           0x2000047c        0x0 /home/kevin/gcc-arm/bin/../lib/gcc/arm-none-eabi/4.8.4/../../../../arm-none-eabi/lib/armv7-m/libc.a(lib_a-init.o)
 .bss           0x2000047c        0x0 /home/kevin/gcc-arm/bin/../lib/gcc/arm-none-eabi/4.8.4/../../../../arm-none-eabi/lib/armv7-m/libc.a(lib_a-memset.o)
 .bss           0x2000047c        0x0 /home/kevin/gcc-arm/bin/../lib/gcc/arm-none-eabi/4.8.4/../../../../arm-none-eabi/lib/armv7-m/libc.a(lib_a-__call_atexit.o)
 .bss           0x2000047c        0x0 /home/kevin/gcc-arm/bin/../lib/gcc/arm-none-eabi/4.8.4/../../../../arm-none-eabi/lib/armv7-m/libc.a(lib_a-atexit.o)
 .bss           0x2000047c        0x0 /home/kevin/gcc-arm/bin/../lib/gcc/arm-none-eabi/4.8.4/../../../../arm-none-eabi/lib/armv7-m/libc.a(lib_a-fini.o)
 .bss           0x2000047c        0x0 /home/kevin/gcc-arm/bin/../lib/gcc/arm-none-eabi/4.8.4/../../../../arm-none-eabi/lib/armv7-m/libc.a(lib_a-__atexit.o)
 .bss           0x2000047c        0x0 /home/kevin/gcc-arm/bin/../lib/gcc/arm-none-eabi/4.8.4/../../../../arm-none-eabi/lib/armv7-m/libnosys.a(_exit.o)
 .bss           0x2000047c        0x0 /tmp/cc09wuiq.o
 .bss           0x2000047c        0x0 /tmp/ccVwGb7F.o
 .bss           0x2000047c        0x0 StdPeriph_lib/libstm32f1.a(stm32f10x_gpio.o)
 .bss           0x2000047c        0x0 StdPeriph_lib/libstm32f1.a(stm32f10x_rcc.o)
 .bss           0x2000047c        0x0 /home/kevin/gcc-arm/bin/../lib/gcc/arm-none-eabi/4.8.4/armv7-m/libgcc.a(_udivsi3.o)
 .bss           0x2000047c        0x0 /home/kevin/gcc-arm/bin/../lib/gcc/arm-none-eabi/4.8.4/armv7-m/libgcc.a(_dvmd_tls.o)
 .bss           0x2000047c        0x0 /home/kevin/gcc-arm/bin/../lib/gcc/arm-none-eabi/4.8.4/armv7-m/crtend.o
 .bss           0x2000047c        0x0 /home/kevin/gcc-arm/bin/../lib/gcc/arm-none-eabi/4.8.4/armv7-m/crtn.o
 *(.bss*)
 *(COMMON)
 COMMON         0x2000047c        0x4 /tmp/cc09wuiq.o
                0x2000047c                GPIO_InitStructure
                0x20000480                . = ALIGN (0x4)
                0x20000480                _ebss = .
                0x20000480                __bss_end__ = _ebss
                0x20000480                PROVIDE (end, _ebss)
                0x20000480                PROVIDE (_end, _ebss)

._user_heap_stack
                0x20000480      0x800 load address 0x080010bc
                0x20000480                . = ALIGN (0x4)
                0x20000480                . = (. + _Min_Heap_Size)
                0x20000c80                . = (. + _Min_Stack_Size)
 *fill*         0x20000480      0x800 
                0x20000c80                . = ALIGN (0x4)

.memory_b1_text
 *(.mb1text)
 *(.mb1text*)
 *(.mb1rodata)
 *(.mb1rodata*)

/DISCARD/
 libc.a(*)
 libm.a(*)
 libgcc.a(*)
LOAD /tmp/cc09wuiq.o
LOAD /tmp/ccVwGb7F.o
LOAD StdPeriph_lib/libstm32f1.a
START GROUP
LOAD /home/kevin/gcc-arm/bin/../lib/gcc/arm-none-eabi/4.8.4/armv7-m/libgcc.a
LOAD /home/kevin/gcc-arm/bin/../lib/gcc/arm-none-eabi/4.8.4/../../../../arm-none-eabi/lib/armv7-m/libc.a
END GROUP
LOAD /home/kevin/gcc-arm/bin/../lib/gcc/arm-none-eabi/4.8.4/armv7-m/crtend.o
LOAD /home/kevin/gcc-arm/bin/../lib/gcc/arm-none-eabi/4.8.4/armv7-m/crtn.o
OUTPUT(main.elf elf32-littlearm)

.debug_frame    0x00000000      0x538
 .debug_frame   0x00000000       0x28 /home/kevin/gcc-arm/bin/../lib/gcc/arm-none-eabi/4.8.4/../../../../arm-none-eabi/lib/armv7-m/libc.a(lib_a-exit.o)
 .debug_frame   0x00000028       0x2c /home/kevin/gcc-arm/bin/../lib/gcc/arm-none-eabi/4.8.4/../../../../arm-none-eabi/lib/armv7-m/libc.a(lib_a-init.o)
 .debug_frame   0x00000054       0x2c /home/kevin/gcc-arm/bin/../lib/gcc/arm-none-eabi/4.8.4/../../../../arm-none-eabi/lib/armv7-m/libc.a(lib_a-memset.o)
 .debug_frame   0x00000080       0x48 /home/kevin/gcc-arm/bin/../lib/gcc/arm-none-eabi/4.8.4/../../../../arm-none-eabi/lib/armv7-m/libc.a(lib_a-__call_atexit.o)
 .debug_frame   0x000000c8       0x20 /home/kevin/gcc-arm/bin/../lib/gcc/arm-none-eabi/4.8.4/../../../../arm-none-eabi/lib/armv7-m/libc.a(lib_a-atexit.o)
 .debug_frame   0x000000e8       0x2c /home/kevin/gcc-arm/bin/../lib/gcc/arm-none-eabi/4.8.4/../../../../arm-none-eabi/lib/armv7-m/libc.a(lib_a-fini.o)
 .debug_frame   0x00000114       0x30 /home/kevin/gcc-arm/bin/../lib/gcc/arm-none-eabi/4.8.4/../../../../arm-none-eabi/lib/armv7-m/libc.a(lib_a-__atexit.o)
 .debug_frame   0x00000144       0x20 /home/kevin/gcc-arm/bin/../lib/gcc/arm-none-eabi/4.8.4/../../../../arm-none-eabi/lib/armv7-m/libnosys.a(_exit.o)
 .debug_frame   0x00000164      0x174 StdPeriph_lib/libstm32f1.a(stm32f10x_gpio.o)
 .debug_frame   0x000002d8      0x240 StdPeriph_lib/libstm32f1.a(stm32f10x_rcc.o)
 .debug_frame   0x00000518       0x20 /home/kevin/gcc-arm/bin/../lib/gcc/arm-none-eabi/4.8.4/armv7-m/libgcc.a(_udivsi3.o)

.comment        0x00000000       0x70
 .comment       0x00000000       0x70 /tmp/cc09wuiq.o
                                 0x71 (size before relaxing)
 .comment       0x00000000       0x71 /tmp/ccVwGb7F.o
 .comment       0x00000000       0x71 StdPeriph_lib/libstm32f1.a(stm32f10x_gpio.o)
 .comment       0x00000000       0x71 StdPeriph_lib/libstm32f1.a(stm32f10x_rcc.o)

.debug_info     0x00000000     0x11cd
 .debug_info    0x00000000      0x854 StdPeriph_lib/libstm32f1.a(stm32f10x_gpio.o)
 .debug_info    0x00000854      0x979 StdPeriph_lib/libstm32f1.a(stm32f10x_rcc.o)

.debug_abbrev   0x00000000      0x463
 .debug_abbrev  0x00000000      0x1f2 StdPeriph_lib/libstm32f1.a(stm32f10x_gpio.o)
 .debug_abbrev  0x000001f2      0x271 StdPeriph_lib/libstm32f1.a(stm32f10x_rcc.o)

.debug_loc      0x00000000      0xfaa
 .debug_loc     0x00000000      0x6c8 StdPeriph_lib/libstm32f1.a(stm32f10x_gpio.o)
 .debug_loc     0x000006c8      0x8e2 StdPeriph_lib/libstm32f1.a(stm32f10x_rcc.o)

.debug_aranges  0x00000000       0x40
 .debug_aranges
                0x00000000       0x20 StdPeriph_lib/libstm32f1.a(stm32f10x_gpio.o)
 .debug_aranges
                0x00000020       0x20 StdPeriph_lib/libstm32f1.a(stm32f10x_rcc.o)

.debug_line     0x00000000      0x489
 .debug_line    0x00000000      0x203 StdPeriph_lib/libstm32f1.a(stm32f10x_gpio.o)
 .debug_line    0x00000203      0x286 StdPeriph_lib/libstm32f1.a(stm32f10x_rcc.o)

.debug_str      0x00000000      0x946
 .debug_str     0x00000000      0x4ef StdPeriph_lib/libstm32f1.a(stm32f10x_gpio.o)
                                0x523 (size before relaxing)
 .debug_str     0x000004ef      0x457 StdPeriph_lib/libstm32f1.a(stm32f10x_rcc.o)
                                0x660 (size before relaxing)

.debug_ranges   0x00000000       0x18
 .debug_ranges  0x00000000       0x18 StdPeriph_lib/libstm32f1.a(stm32f10x_rcc.o)
